=== Arabas 2015 ã≠è„è∏ó¨ (rhod_w_max=2.0) ééëñ ===
grid    : (25, 25)  (625 cells)
size    : (1500.0, 1500.0)
n_sd    : 15625 super droplets (25 sd/cell)
dt      : 5.0s
sim_time: 5400.0s (90 min)
storage : C:\Users\yuuji\fujihc-trainer\experiments\cumulus-physical\output\phase1_arabas_cumulus_storage

reinit: 22.96s
0.0% (times since last print: cpu=48.6s wall=37.2s)
1.1% (times since last print: cpu=82.4s wall=68.4s)
2.2% (times since last print: cpu=13.0s wall=0.9s)
3.3% (times since last print: cpu=12.1s wall=0.9s)
4.4% (times since last print: cpu=13.4s wall=0.9s)
5.6% (times since last print: cpu=13.4s wall=1.0s)
6.7% (times since last print: cpu=14.2s wall=1.0s)
7.8% (times since last print: cpu=14.1s wall=1.0s)
8.9% (times since last print: cpu=14.2s wall=1.2s)
10.0% (times since last print: cpu=10.0s wall=1.1s)
11.1% (times since last print: cpu=16.6s wall=1.2s)
12.2% (times since last print: cpu=15.7s wall=1.2s)
13.3% (times since last print: cpu=14.5s wall=1.2s)
14.4% (times since last print: cpu=15.3s wall=1.2s)
15.6% (times since last print: cpu=14.7s wall=1.1s)
16.7% (times since last print: cpu=14.3s wall=1.3s)
17.8% (times since last print: cpu=15.7s wall=1.2s)
18.9% (times since last print: cpu=14.5s wall=1.1s)
20.0% (times since last print: cpu=14.6s wall=1.1s)
21.1% (times since last print: cpu=15.4s wall=1.1s)
22.2% (times since last print: cpu=14.7s wall=1.1s)
23.3% (times since last print: cpu=14.2s wall=1.1s)
24.4% (times since last print: cpu=14.9s wall=1.1s)
25.6% (times since last print: cpu=14.4s wall=1.1s)
26.7% (times since last print: cpu=15.5s wall=1.2s)
27.8% (times since last print: cpu=15.0s wall=1.1s)
28.9% (times since last print: cpu=14.9s wall=1.1s)
30.0% (times since last print: cpu=16.1s wall=1.3s)
31.1% (times since last print: cpu=15.5s wall=1.2s)
32.2% (times since last print: cpu=17.9s wall=1.4s)
33.3% (times since last print: cpu=15.8s wall=1.3s)
34.4% (times since last print: cpu=14.9s wall=1.2s)
35.6% (times since last print: cpu=17.4s wall=1.3s)
36.7% (times since last print: cpu=15.9s wall=1.2s)
37.8% (times since last print: cpu=16.1s wall=1.2s)
38.9% (times since last print: cpu=15.1s wall=1.2s)
40.0% (times since last print: cpu=15.7s wall=1.2s)
41.1% (times since last print: cpu=16.4s wall=1.3s)
42.2% (times since last print: cpu=15.8s wall=1.2s)
43.3% (times since last print: cpu=14.9s wall=1.2s)
44.4% (times since last print: cpu=16.2s wall=1.3s)
45.6% (times since last print: cpu=15.4s wall=1.2s)
46.7% (times since last print: cpu=16.5s wall=1.3s)
47.8% (times since last print: cpu=16.1s wall=1.2s)
48.9% (times since last print: cpu=15.2s wall=1.2s)
50.0% (times since last print: cpu=14.9s wall=1.2s)
51.1% (times since last print: cpu=16.8s wall=1.2s)
52.2% (times since last print: cpu=17.0s wall=1.3s)
53.3% (times since last print: cpu=15.3s wall=1.2s)
54.4% (times since last print: cpu=15.1s wall=1.2s)
55.6% (times since last print: cpu=15.7s wall=1.2s)
56.7% (times since last print: cpu=16.8s wall=1.3s)
57.8% (times since last print: cpu=18.0s wall=1.4s)
58.9% (times since last print: cpu=16.5s wall=1.2s)
60.0% (times since last print: cpu=14.8s wall=1.2s)
61.1% (times since last print: cpu=15.1s wall=1.2s)
62.2% (times since last print: cpu=15.8s wall=1.2s)
63.3% (times since last print: cpu=16.4s wall=1.3s)
64.4% (times since last print: cpu=16.6s wall=1.2s)
65.6% (times since last print: cpu=15.7s wall=1.2s)
66.7% (times since last print: cpu=15.5s wall=1.2s)
67.8% (times since last print: cpu=33.2s wall=7.6s)
68.9% (times since last print: cpu=14.9s wall=1.1s)
70.0% (times since last print: cpu=15.0s wall=1.1s)
71.1% (times since last print: cpu=14.0s wall=1.1s)
72.2% (times since last print: cpu=16.3s wall=1.2s)
73.3% (times since last print: cpu=18.8s wall=1.5s)
74.4% (times since last print: cpu=17.1s wall=1.3s)
75.6% (times since last print: cpu=16.3s wall=1.3s)
76.7% (times since last print: cpu=18.4s wall=1.4s)
77.8% (times since last print: cpu=16.2s wall=1.2s)
78.9% (times since last print: cpu=15.9s wall=1.2s)
80.0% (times since last print: cpu=17.9s wall=1.3s)
81.1% (times since last print: cpu=16.1s wall=1.3s)
82.2% (times since last print: cpu=15.2s wall=1.2s)
83.3% (times since last print: cpu=16.3s wall=1.3s)
84.4% (times since last print: cpu=18.2s wall=1.4s)
85.6% (times since last print: cpu=15.8s wall=1.3s)
86.7% (times since last print: cpu=17.0s wall=1.2s)
87.8% (times since last print: cpu=17.1s wall=1.3s)
88.9% (times since last print: cpu=16.9s wall=1.2s)
90.0% (times since last print: cpu=16.7s wall=1.2s)
91.1% (times since last print: cpu=18.0s wall=1.4s)
92.2% (times since last print: cpu=16.1s wall=1.2s)
93.3% (times since last print: cpu=16.4s wall=1.2s)
94.4% (times since last print: cpu=17.1s wall=1.2s)
95.6% (times since last print: cpu=16.5s wall=1.3s)
96.7% (times since last print: cpu=14.9s wall=1.3s)
97.8% (times since last print: cpu=20.8s wall=1.5s)
98.9% (times since last print: cpu=16.2s wall=1.2s)
100.0% (times since last print: cpu=16.0s wall=1.3s)

=== äÆóπ ===
run wall: 196.32s
total   : 219.27s  (sim_time/wall = 24.63x realtime)
npy files: 3006
ql shape: (91, 25, 25)
ql max  : 1.5565 g/kg (stratocumulus î‰är: 1.17 g/kg)
ql mean : 0.1574 g/kg
cuInit() failed with Error code: 100
Error Name: CUDA_ERROR_NO_DEVICE
Error Description: no CUDA-capable device is detected
CUDA initialization failed. 
