=== Arabas 2015 2D Kinematic ŽŽ‘– ===
grid    : (25, 25)  (625 cells)
size    : (1500.0, 1500.0)
n_sd    : 15625 super droplets (25 sd/cell)
dt      : 5.0s
sim_time: 5400.0s (90 min)
storage : C:\Users\yuuji\fujihc-trainer\experiments\cumulus-physical\output\phase1_arabas_storage

reinit: 35.25s
0.0% (times since last print: cpu=57.7s wall=59.2s)
1.1% (times since last print: cpu=110.9s wall=113.2s)
2.2% (times since last print: cpu=1.8s wall=1.0s)
3.3% (times since last print: cpu=1.8s wall=1.0s)
4.4% (times since last print: cpu=2.1s wall=1.0s)
5.6% (times since last print: cpu=2.1s wall=1.0s)
6.7% (times since last print: cpu=2.0s wall=1.0s)
7.8% (times since last print: cpu=2.2s wall=1.0s)
8.9% (times since last print: cpu=2.3s wall=1.0s)
10.0% (times since last print: cpu=2.1s wall=1.0s)
11.1% (times since last print: cpu=1.8s wall=1.0s)
12.2% (times since last print: cpu=2.0s wall=1.0s)
13.3% (times since last print: cpu=2.3s wall=1.1s)
14.4% (times since last print: cpu=1.8s wall=1.3s)
15.6% (times since last print: cpu=2.0s wall=1.1s)
16.7% (times since last print: cpu=2.1s wall=1.1s)
17.8% (times since last print: cpu=2.3s wall=1.1s)
18.9% (times since last print: cpu=2.5s wall=1.1s)
20.0% (times since last print: cpu=2.5s wall=1.1s)
21.1% (times since last print: cpu=2.5s wall=1.1s)
22.2% (times since last print: cpu=2.5s wall=1.2s)
23.3% (times since last print: cpu=2.2s wall=1.2s)
24.4% (times since last print: cpu=2.4s wall=1.2s)
25.6% (times since last print: cpu=2.5s wall=1.2s)
26.7% (times since last print: cpu=2.5s wall=1.2s)
27.8% (times since last print: cpu=2.5s wall=1.2s)
28.9% (times since last print: cpu=2.4s wall=1.2s)
30.0% (times since last print: cpu=2.4s wall=1.2s)
31.1% (times since last print: cpu=2.5s wall=1.2s)
32.2% (times since last print: cpu=2.5s wall=1.2s)
33.3% (times since last print: cpu=2.6s wall=1.2s)
34.4% (times since last print: cpu=2.2s wall=1.2s)
35.6% (times since last print: cpu=2.3s wall=1.2s)
36.7% (times since last print: cpu=2.7s wall=1.2s)
37.8% (times since last print: cpu=2.3s wall=1.2s)
38.9% (times since last print: cpu=2.5s wall=1.2s)
40.0% (times since last print: cpu=2.5s wall=1.2s)
41.1% (times since last print: cpu=2.5s wall=1.2s)
42.2% (times since last print: cpu=2.4s wall=1.2s)
43.3% (times since last print: cpu=2.4s wall=1.2s)
44.4% (times since last print: cpu=2.6s wall=1.2s)
45.6% (times since last print: cpu=2.6s wall=1.2s)
46.7% (times since last print: cpu=2.6s wall=1.2s)
47.8% (times since last print: cpu=2.4s wall=1.2s)
48.9% (times since last print: cpu=2.7s wall=1.2s)
50.0% (times since last print: cpu=8.5s wall=1.1s)
51.1% (times since last print: cpu=10.2s wall=1.0s)
52.2% (times since last print: cpu=10.7s wall=0.9s)
53.3% (times since last print: cpu=10.8s wall=0.9s)
54.4% (times since last print: cpu=11.0s wall=0.9s)
55.6% (times since last print: cpu=9.7s wall=0.9s)
56.7% (times since last print: cpu=2.8s wall=1.2s)
57.8% (times since last print: cpu=2.3s wall=1.2s)
58.9% (times since last print: cpu=2.5s wall=1.2s)
60.0% (times since last print: cpu=2.5s wall=1.2s)
61.1% (times since last print: cpu=2.4s wall=1.2s)
62.2% (times since last print: cpu=2.7s wall=1.2s)
63.3% (times since last print: cpu=2.8s wall=1.2s)
64.4% (times since last print: cpu=2.1s wall=1.4s)
65.6% (times since last print: cpu=2.4s wall=1.3s)
66.7% (times since last print: cpu=7.7s wall=1.1s)
67.8% (times since last print: cpu=32.8s wall=6.2s)
68.9% (times since last print: cpu=13.1s wall=0.9s)
70.0% (times since last print: cpu=13.4s wall=0.9s)
71.1% (times since last print: cpu=13.5s wall=0.9s)
72.2% (times since last print: cpu=13.5s wall=0.9s)
73.3% (times since last print: cpu=13.4s wall=0.9s)
74.4% (times since last print: cpu=17.0s wall=1.1s)
75.6% (times since last print: cpu=13.4s wall=0.9s)
76.7% (times since last print: cpu=13.1s wall=0.9s)
77.8% (times since last print: cpu=13.4s wall=0.9s)
78.9% (times since last print: cpu=13.6s wall=0.9s)
80.0% (times since last print: cpu=13.6s wall=0.9s)
81.1% (times since last print: cpu=13.5s wall=0.9s)
82.2% (times since last print: cpu=13.8s wall=0.9s)
83.3% (times since last print: cpu=13.7s wall=0.9s)
84.4% (times since last print: cpu=13.5s wall=0.9s)
85.6% (times since last print: cpu=13.2s wall=0.9s)
86.7% (times since last print: cpu=13.3s wall=0.9s)
87.8% (times since last print: cpu=15.1s wall=1.0s)
88.9% (times since last print: cpu=13.1s wall=0.9s)
90.0% (times since last print: cpu=13.4s wall=0.9s)
91.1% (times since last print: cpu=14.5s wall=0.9s)
92.2% (times since last print: cpu=13.2s wall=0.9s)
93.3% (times since last print: cpu=13.4s wall=1.0s)
94.4% (times since last print: cpu=13.2s wall=0.9s)
95.6% (times since last print: cpu=13.6s wall=0.9s)
96.7% (times since last print: cpu=13.4s wall=0.9s)
97.8% (times since last print: cpu=13.7s wall=0.9s)
98.9% (times since last print: cpu=13.8s wall=0.9s)
100.0% (times since last print: cpu=13.4s wall=0.9s)

=== Š®—¹ ===
run wall: 236.55s
total   : 271.80s  (sim_time/wall = 19.87x realtime)
npy files: 3006
products : ['Particles Dry Size Spectrum', 'Particles Wet Size Spectrum', 'RH_env', 'S_max_percent', 'T_env', 'activating rate', 'aerosol specific concentration', 'cloud water mixing ratio', 'cooling rate', 'cor', 'cr', 'crd', 'deactivating rate', 'drizzle concentration', 'dt_coal_avg', 'dt_coal_min', 'dt_cond_max', 'dt_cond_min', 'effective radius', 'max courant number', 'mean radius', 'n_c_cm3', 'p_env', 'particle concentration', 'radius binned number averaged terminal velocity', 'rain water mixing ratio', 'rhod_env', 'ripening rate', 'super droplet count per gridbox', 'surf', 'thd_env', 'total particle concentration', 'total particle specific concentration', 'water_vapour_mixing_ratio_env']
sample   : n_c_cm3_000552.npy  shape=(25, 25)  dtype=float32
cuInit() failed with Error code: 100
Error Name: CUDA_ERROR_NO_DEVICE
Error Description: no CUDA-capable device is detected
CUDA initialization failed. 
